../Core/aifes/basic/default/aimath/aimath_q31_default.c:28:6:aimath_q31_default_linear32	336	static
../Core/aifes/basic/default/aimath/aimath_q31_default.c:114:6:aimath_q31_default_mat_mul	24	static
../Core/aifes/basic/default/aimath/aimath_q31_default.c:119:6:aimath_q31_default_multiply	336	static
../Core/aifes/basic/default/aimath/aimath_q31_default.c:182:6:aimath_q31_default_scalar_mul	336	static
../Core/aifes/basic/default/aimath/aimath_q31_default.c:247:6:aimath_q31_default_tensor_add_different_shift	360	static
../Core/aifes/basic/default/aimath/aimath_q31_default.c:303:6:aimath_q31_default_tensor_add_same_shift	112	static
../Core/aifes/basic/default/aimath/aimath_q31_default.c:320:6:aimath_q31_default_tensor_sub_different_shift	360	static
../Core/aifes/basic/default/aimath/aimath_q31_default.c:376:6:aimath_q31_default_tensor_sub_same_shift	104	static
../Core/aifes/basic/default/aimath/aimath_q31_default.c:393:6:aimath_q31_default_copy_tensor	24	static
../Core/aifes/basic/default/aimath/aimath_q31_default.c:403:6:aimath_q31_default_transpose_vector	24	static
../Core/aifes/basic/default/aimath/aimath_q31_default.c:413:6:aimath_q31_default_norm_squared	160	static
../Core/aifes/basic/default/aimath/aimath_q31_default.c:444:6:aimath_q31_default_tensor_sqrt	104	static
../Core/aifes/basic/default/aimath/aimath_q31_default.c:468:6:aimath_q31_default_sigmoid	240	static
../Core/aifes/basic/default/aimath/aimath_q31_default.c:543:6:aimath_q31_default_d_sigmoid	120	static
../Core/aifes/basic/default/aimath/aimath_q31_default.c:569:6:aimath_q31_default_relu	32	static
../Core/aifes/basic/default/aimath/aimath_q31_default.c:585:6:aimath_q31_default_d_relu	24	static
../Core/aifes/basic/default/aimath/aimath_q31_default.c:602:6:aimath_q31_default_leaky_relu	336	static
../Core/aifes/basic/default/aimath/aimath_q31_default.c:668:6:aimath_q31_default_d_leaky_relu	48	static
../Core/aifes/basic/default/aimath/aimath_q31_default.c:688:6:aimath_q31_default_tanh	240	static
../Core/aifes/basic/default/aimath/aimath_q31_default.c:761:6:aimath_q31_default_d_tanh	88	static
../Core/aifes/basic/default/aimath/aimath_q31_default.c:785:6:aimath_q31_default_softsign	96	static
../Core/aifes/basic/default/aimath/aimath_q31_default.c:818:6:aimath_q31_default_d_softsign	104	static
../Core/aifes/basic/default/aimath/aimath_q31_default.c:849:6:aimath_q31_default_softmax	360	dynamic
../Core/aifes/basic/default/aimath/aimath_q31_default.c:941:6:aimath_q31_default_elu	408	static
../Core/aifes/basic/default/aimath/aimath_q31_default.c:1022:6:aimath_q31_default_d_elu	360	static
../Core/aifes/basic/default/aimath/aimath_q31_default.c:1094:6:aimath_q31_default_zero_tensor	24	static
../Core/aifes/basic/default/aimath/aimath_q31_default.c:1107:6:aimath_q31_default_init_zeros	24	static
../Core/aifes/basic/default/aimath/aimath_q31_default.c:1120:6:aimath_q31_default_tensor_init_uniform	56	static
../Core/aifes/basic/default/aimath/aimath_q31_default.c:1132:6:aimath_q31_default_init_glorot_uniform	16	static
../Core/aifes/basic/default/aimath/aimath_q31_default.c:1137:6:aimath_q31_default_init_glorot_uniform_cdim	40	static
../Core/aifes/basic/default/aimath/aimath_q31_default.c:1160:6:aimath_q31_default_init_he_uniform	16	static
../Core/aifes/basic/default/aimath/aimath_q31_default.c:1165:6:aimath_q31_default_init_he_uniform_cdim	40	static
../Core/aifes/basic/default/aimath/aimath_q31_default.c:1183:9:aimath_q31_default_sqrt	56	static
../Core/aifes/basic/default/aimath/aimath_q31_default.c:1200:6:aimath_q31_default_sum_channelwise	56	static
../Core/aifes/basic/default/aimath/aimath_q31_default.c:1224:6:aimath_q31_default_mse_gradients_sum	96	dynamic
../Core/aifes/basic/default/aimath/aimath_q31_default.c:1240:6:aimath_q31_default_mse_gradients_mean	96	dynamic
../Core/aifes/basic/default/aimath/aimath_q31_default.c:1256:6:aimath_q31_default_mse_loss_sum	80	dynamic
../Core/aifes/basic/default/aimath/aimath_q31_default.c:1267:6:aimath_q31_default_mse_loss_mean	344	static
