../Core/aifes/basic/default/aimath/aimath_q7_default.c:29:6:aimath_q7_default_linear32	72	static
../Core/aifes/basic/default/aimath/aimath_q7_default.c:114:6:aimath_q7_default_linear32_bt	72	static
../Core/aifes/basic/default/aimath/aimath_q7_default.c:199:6:aimath_q7_default_mat_mul	24	static
../Core/aifes/basic/default/aimath/aimath_q7_default.c:203:6:aimath_q7_default_multiply	48	static
../Core/aifes/basic/default/aimath/aimath_q7_default.c:266:6:aimath_q7_default_scalar_mul	48	static
../Core/aifes/basic/default/aimath/aimath_q7_default.c:331:6:aimath_q7_default_tensor_add_different_shift	48	static
../Core/aifes/basic/default/aimath/aimath_q7_default.c:387:6:aimath_q7_default_tensor_add_same_shift	40	static
../Core/aifes/basic/default/aimath/aimath_q7_default.c:404:6:aimath_q7_default_tensor_sub_different_shift	48	static
../Core/aifes/basic/default/aimath/aimath_q7_default.c:460:6:aimath_q7_default_tensor_sub_same_shift	40	static
../Core/aifes/basic/default/aimath/aimath_q7_default.c:477:6:aimath_q7_default_copy_tensor	24	static
../Core/aifes/basic/default/aimath/aimath_q7_default.c:487:6:aimath_q7_default_transpose_vector	24	static
../Core/aifes/basic/default/aimath/aimath_q7_default.c:496:6:aimath_q7_default_transpose_matrix	80	dynamic
../Core/aifes/basic/default/aimath/aimath_q7_default.c:516:6:aimath_q7_default_sigmoid	40	static
../Core/aifes/basic/default/aimath/aimath_q7_default.c:590:6:aimath_q7_default_elu	64	static
../Core/aifes/basic/default/aimath/aimath_q7_default.c:665:6:aimath_q7_default_relu	24	static
../Core/aifes/basic/default/aimath/aimath_q7_default.c:682:6:aimath_q7_default_d_relu	24	static
../Core/aifes/basic/default/aimath/aimath_q7_default.c:698:6:aimath_q7_default_leaky_relu	48	static
../Core/aifes/basic/default/aimath/aimath_q7_default.c:765:6:aimath_q7_default_tanh	40	static
../Core/aifes/basic/default/aimath/aimath_q7_default.c:839:6:aimath_q7_default_softsign	32	static
../Core/aifes/basic/default/aimath/aimath_q7_default.c:874:6:aimath_q7_default_softmax	88	dynamic
../Core/aifes/basic/default/aimath/aimath_q7_default.c:958:6:aimath_q7_default_zero_tensor	24	static
../Core/aifes/basic/default/aimath/aimath_q7_default.c:971:6:aimath_q7_default_init_zeros	24	static
