../Core/aifes/basic/default/aimath/aimath_f32_default.c:29:6:aimath_f32_default_linear	56	static
../Core/aifes/basic/default/aimath/aimath_f32_default.c:71:6:aimath_f32_default_linear_at	56	static
../Core/aifes/basic/default/aimath/aimath_f32_default.c:113:6:aimath_f32_default_linear_bt	56	static
../Core/aifes/basic/default/aimath/aimath_f32_default.c:156:6:aimath_f32_default_linear_atrt	56	static
../Core/aifes/basic/default/aimath/aimath_f32_default.c:198:6:aimath_f32_default_mat_mul	24	static
../Core/aifes/basic/default/aimath/aimath_f32_default.c:202:6:aimath_f32_default_mat_mul_at	24	static
../Core/aifes/basic/default/aimath/aimath_f32_default.c:206:6:aimath_f32_default_mat_mul_bt	24	static
../Core/aifes/basic/default/aimath/aimath_f32_default.c:210:6:aimath_f32_default_mat_mul_atrt	24	static
../Core/aifes/basic/default/aimath/aimath_f32_default.c:214:6:aimath_f32_default_multiply	32	static
../Core/aifes/basic/default/aimath/aimath_f32_default.c:224:6:aimath_f32_default_divide	32	static
../Core/aifes/basic/default/aimath/aimath_f32_default.c:234:6:aimath_f32_default_scalar_mul	32	static
../Core/aifes/basic/default/aimath/aimath_f32_default.c:244:6:aimath_f32_default_scalar_add	32	static
../Core/aifes/basic/default/aimath/aimath_f32_default.c:254:6:aimath_f32_default_tensor_add	40	static
../Core/aifes/basic/default/aimath/aimath_f32_default.c:285:6:aimath_f32_default_tensor_sub	32	static
../Core/aifes/basic/default/aimath/aimath_f32_default.c:299:6:aimath_f32_default_tensor_sub_sparse8	32	static
../Core/aifes/basic/default/aimath/aimath_f32_default.c:310:6:aimath_f32_default_copy_tensor	24	static
../Core/aifes/basic/default/aimath/aimath_f32_default.c:320:6:aimath_f32_default_transpose_vector	24	static
../Core/aifes/basic/default/aimath/aimath_f32_default.c:329:6:aimath_f32_default_transpose_matrix	80	dynamic
../Core/aifes/basic/default/aimath/aimath_f32_default.c:349:6:aimath_f32_default_norm_squared	24	static
../Core/aifes/basic/default/aimath/aimath_f32_default.c:362:6:aimath_f32_default_sum	24	static
../Core/aifes/basic/default/aimath/aimath_f32_default.c:375:6:aimath_f32_default_min	24	static
../Core/aifes/basic/default/aimath/aimath_f32_default.c:391:6:aimath_f32_default_max	24	static
../Core/aifes/basic/default/aimath/aimath_f32_default.c:407:6:aimath_f32_default_sigmoid	24	static
../Core/aifes/basic/default/aimath/aimath_f32_default.c:418:6:aimath_f32_default_d_sigmoid	24	static
../Core/aifes/basic/default/aimath/aimath_f32_default.c:429:6:aimath_f32_default_tanh	24	static
../Core/aifes/basic/default/aimath/aimath_f32_default.c:441:6:aimath_f32_default_d_tanh	24	static
../Core/aifes/basic/default/aimath/aimath_f32_default.c:452:6:aimath_f32_default_relu	24	static
../Core/aifes/basic/default/aimath/aimath_f32_default.c:463:6:aimath_f32_default_d_relu	24	static
../Core/aifes/basic/default/aimath/aimath_f32_default.c:474:6:aimath_f32_default_leaky_relu	32	static
../Core/aifes/basic/default/aimath/aimath_f32_default.c:485:6:aimath_f32_default_d_leaky_relu	32	static
../Core/aifes/basic/default/aimath/aimath_f32_default.c:496:6:aimath_f32_default_elu	40	static
../Core/aifes/basic/default/aimath/aimath_f32_default.c:507:6:aimath_f32_default_d_elu	40	static
../Core/aifes/basic/default/aimath/aimath_f32_default.c:518:6:aimath_f32_default_softmax	56	static
../Core/aifes/basic/default/aimath/aimath_f32_default.c:557:6:aimath_f32_default_softsign	32	static
../Core/aifes/basic/default/aimath/aimath_f32_default.c:568:6:aimath_f32_default_d_softsign	32	static
../Core/aifes/basic/default/aimath/aimath_f32_default.c:581:6:aimath_f32_default_binary_crossentropy_sum	40	static
../Core/aifes/basic/default/aimath/aimath_f32_default.c:596:6:aimath_f32_default_binary_crossentropy_mean	24	static
../Core/aifes/basic/default/aimath/aimath_f32_default.c:605:6:aimath_f32_default_categorical_crossentropy_sum	40	static
../Core/aifes/basic/default/aimath/aimath_f32_default.c:621:6:aimath_f32_default_categorical_crossentropy_mean	24	static
../Core/aifes/basic/default/aimath/aimath_f32_default.c:631:6:aimath_f32_default_categorical_crossentropy_sum_sparse8	32	static
../Core/aifes/basic/default/aimath/aimath_f32_default.c:644:6:aimath_f32_default_categorical_crossentropy_mean_sparse8	24	static
../Core/aifes/basic/default/aimath/aimath_f32_default.c:651:6:aimath_f32_default_sqrt	32	static
../Core/aifes/basic/default/aimath/aimath_f32_default.c:661:6:aimath_f32_default_zero_tensor	24	static
../Core/aifes/basic/default/aimath/aimath_f32_default.c:671:6:aimath_f32_default_init_zeros	16	static
../Core/aifes/basic/default/aimath/aimath_f32_default.c:677:6:aimath_f32_default_init_ones	24	static
../Core/aifes/basic/default/aimath/aimath_f32_default.c:687:6:aimath_f32_default_tensor_init_uniform	32	static
../Core/aifes/basic/default/aimath/aimath_f32_default.c:706:6:aimath_f32_default_init_glorot_uniform	16	static
../Core/aifes/basic/default/aimath/aimath_f32_default.c:711:6:aimath_f32_default_init_glorot_uniform_cdim	40	static
../Core/aifes/basic/default/aimath/aimath_f32_default.c:741:6:aimath_f32_default_init_he_uniform	16	static
../Core/aifes/basic/default/aimath/aimath_f32_default.c:746:6:aimath_f32_default_init_he_uniform_cdim	40	static
../Core/aifes/basic/default/aimath/aimath_f32_default.c:765:7:aimath_f32_default_expf_fast	24	static
../Core/aifes/basic/default/aimath/aimath_f32_default.c:783:6:aimath_f32_default_sum_channelwise	48	static
../Core/aifes/basic/default/aimath/aimath_f32_default.c:806:6:aimath_f32_default_mean_channelwise	48	static
../Core/aifes/basic/default/aimath/aimath_f32_default.c:830:6:aimath_f32_default_variance_channelwise	56	static
../Core/aifes/basic/default/aimath/aimath_f32_default.c:859:6:aimath_f32_default_exponential_moving_average	32	static
../Core/aifes/basic/default/aimath/aimath_f32_default.c:870:6:aimath_f32_default_mse_gradients_mean	32	static
../Core/aifes/basic/default/aimath/aimath_f32_default.c:880:6:aimath_f32_default_mse_gradients_sum	32	static
../Core/aifes/basic/default/aimath/aimath_f32_default.c:890:6:aimath_f32_default_mse_loss_sum	80	dynamic
../Core/aifes/basic/default/aimath/aimath_f32_default.c:901:6:aimath_f32_default_mse_loss_mean	24	static
../Core/aifes/basic/default/aimath/aimath_f32_default.c:909:6:aimath_f32_default_scale_by_batch_size	24	static
