../Core/aifes/cnn/default/aimath/aimath_cnn_f32_default.c:27:6:aimath_f32_default_conv2d_add	144	static
../Core/aifes/cnn/default/aimath/aimath_cnn_f32_default.c:200:6:aimath_f32_default_conv_transpose2d_add	144	static
../Core/aifes/cnn/default/aimath/aimath_cnn_f32_default.c:377:6:aimath_f32_default_conv2d_fwd	112	static
../Core/aifes/cnn/default/aimath/aimath_cnn_f32_default.c:483:6:aimath_f32_default_conv2d_bwd	104	static
../Core/aifes/cnn/default/aimath/aimath_cnn_f32_default.c:559:6:aimath_f32_default_conv2d_bwd_full	112	static
../Core/aifes/cnn/default/aimath/aimath_cnn_f32_default.c:640:6:aimath_f32_default_conv_transpose2d_fwd	112	static
../Core/aifes/cnn/default/aimath/aimath_cnn_f32_default.c:726:6:aimath_f32_default_maxpool2d_fwd	136	static
../Core/aifes/cnn/default/aimath/aimath_cnn_f32_default.c:866:6:aimath_f32_default_maxpool2d_bwd	112	static
../Core/aifes/cnn/default/aimath/aimath_cnn_f32_default.c:972:6:aimath_f32_default_batch_norm	64	static
../Core/aifes/cnn/default/aimath/aimath_cnn_f32_default.c:1007:6:aimath_f32_default_d_batch_norm	80	static
../Core/aifes/cnn/default/aimath/aimath_cnn_f32_default.c:1102:6:aimath_f32_default_pad_zeros	80	static
